Microsoft (R) Macro Assembler Version 6.11		    07/22/19 11:03:57
mov.asm							     Page 1 - 1


				;----------------------------------
				;Program:  MOV
				;
				;Function: Read and echo 3 ASCII characters x y z
				;              x will be an ASCII uppercase letter ‘A’ - ‘Z’ or digit ‘0’ - ‘9’
				;              y will be an ASCII digit ‘0’ - ‘9’
				;              z will be an ASCII plus sign ‘+’ or other ASCII character
				;          Using only the mov instruction:
				;              convert y from ASCII ‘0’ to ‘9’to hex 0 to 9
				;              calculate … if (z == '+') then x = x + y
				;          Output x
				;          Terminate
				;
				;Owner:    Angela Ho
				;
				;Version:  Date      Reason
				;          07/17/19  Original code
				;
				;
				;----------------------------------
				         .model    small          ;4 64KB segments
				         .8086                    ;only 8086 instructions
				         .stack    256            ;256 byte stack
				;----------------------------------
 0000				.data                    ;data
				;----------------------------------
 0000 00			x        db        0              ;variable x
 0001 00			dum_x    db        0              ;dummy variable z at memory offset z + 1
 0002 00			y        db        0              ;variable y
 0003 00			z        db        0              ;variable z
				                                  ;
				                                  ; ------------------------
 0004 00 01 02 03 04 05		cvt      db         0h,1h,2h,3h,4h,5h,6h,7h,8h,9h ;
       06 07 08 09
				                                                           ;
 000E 00 01 02 03 04 05		inctbl   db        000,001,002,003,004,005,006,007,008,009 ;
       06 07 08 09
 0018  0A 0B 0C 0D 0E 0F	         db        010,011,012,013,014,015,016,017,018,019 ;
       10 11 12 13
 0022  14 15 16 17 18 19	         db        020,021,022,023,024,025,026,027,028,029 ;
       1A 1B 1C 1D
 002C  1E 1F 20 21 22 23	         db        030,031,032,033,034,035,036,037,038,039 ;
       24 25 26 27
 0036  28 29 2A 2B 2C 2D	         db        040,041,042,043,044,045,046,047,048,049 ;
       2E 2F 30 31
 0040  32 33 34 35 36 37	         db        050,051,052,053,054,055,056,057,058,059 ;
       38 39 3A 3B
 004A  3C 3D 3E 3F 40 41	         db        060,061,062,063,064,065,066,067,068,069 ;
       42 43 44 45
 0054  46 47 48 49 4A 4B	         db        070,071,072,073,074,075,076,077,078,079 ;
       4C 4D 4E 4F
 005E  50 51 52 53 54 55	         db        080,081,082,083,084,085,086,087,088,089 ;
       56 57 58 59
 0068  5A 5B 5C 5D 5E 5F	         db        090,091,092,093,094,095,096,097,098,099 ;
       60 61 62 63
 0072  64 65 66 67 68 69	         db        100,101,102,103,104,105,106,107,108,109 ;
       6A 6B 6C 6D
 007C  6E 6F 70 71 72 73	         db        110,111,112,113,114,115,116,117,118,119 ;
       74 75 76 77
 0086  78 79 7A 7B 7C 7D	         db        120,121,122,123,124,125,126,127,128     ;
       7E 7F 80
				
				;-----------------------------------------------------------
				
				;----------------------------------
 0000				         .fardata                 ;256 bytes of work memory for selection code
				;----------------------------------
 0000  0100 [			         db        256 dup(0)     ;byte vars need 256 bytes of work memory
        00
       ]
				;----------------------------------
				
				;----------------------------------
 0000				         .code                    ;Program
				;----------------------------------
				; Establish addressability to data and extra segment
				; Clear bx, to be used as a word pointer.
				;----------------------------------
 0000				start:
 0000  B8 ---- R		         mov       ax,@data       ;initialize
 0003  8E D8			         mov       ds,ax          ; the ds register
 0005  B8 ---- R		         mov       ax,@fardata    ; initialize
 0008  8E C0			         mov       es,ax          ; the es register
 000A  BB 0000			         mov       bx,0           ;clear bx as a pointer to zero
 000D  B9 0000			         mov       cx,0           ;clear cx as a pointer to zero
				;----------------------------------
				; Read and echo x
				;----------------------------------
 0010  B4 08			         mov       ah,8           ;read code
 0012  CD 21			         int       21h            ;read interrupt
 0014  A2 0000 R		         mov       [x],al         ;save x
 0017  8A D0			         mov       dl,al          ;ready to echo x
 0019  B4 02			         mov       ah,2           ;write code
 001B  CD 21			         int       21h            ;write interrupt
				;----------------------------------
				; Read and echo y
				;----------------------------------
 001D  B4 08			         mov       ah,8           ;read code
 001F  CD 21			         int       21h            ;read interrupt
 0021  A2 0002 R		         mov       [y],al         ;save y
 0024  8A D0			         mov       dl,al          ;ready to echo y
 0026  B4 02			         mov       ah,2           ;write code
 0028  CD 21			         int       21h            ;write interrupt
				;----------------------------------
				; Read and echo z
				;----------------------------------
 002A  B4 08			         mov       ah,8           ;read code
 002C  CD 21			         int       21h            ;read interrupt
 002E  A2 0003 R		         mov       [z],al         ;save y
 0031  8A D0			         mov       dl,al          ;ready to echo y
 0033  B4 02			         mov       ah,2           ;write code
 0035  CD 21			         int       21h            ;write interrupt
				
				;----------------------------------
				; Convert the ASCII value of y '0' to '9' into a hex 0 to 9
				; save the hex value in to si for double index
				;----------------------------------
 0037  8A 1E 0002 R		         mov     bl,[y]           ;Load y into bl
 003B  8A 8F FFD4 R		         mov     cl,[cvt + bx - 48] ; use bx as index in to covert table
 003F  8B F1			         mov     si,cx            ;Save the hex value in si
				
				;----------------------------------
				; Calculate x + y in the al register
				;----------------------------------
 0041  8A 1E 0000 R		         mov     bl,[x]           ; load x into bl
 0045  8A 80 000E R		         mov     al,[inctbl + bx + si]; use si and bx to index into convert table
				;----------------------------------
				; test if z is '+'
				;----------------------------------
 0049  B3 2B			         mov       bl,'+'          ;bx pts to es memory addr=value_of_+
 004B  26: C6 07 01		         mov  byte ptr es:[bx],1   ;es memory at memory addr=value_of_+ set to 1
 004F  8A 1E 0003 R		         mov       bl,[z]          ;bx pts to es memory addr=value_of_z
 0053  26: C6 07 00		         mov  byte ptr es:[bx],0   ;es memory at addr=value_of_z set to 0
 0057  B3 2B			         mov       bl,'+'          ;bx pts to es memory addr=value_of_+
 0059  26: 8A 1F		         mov       bl,es:[bx]      ;bx=0 if (z==+)  bx=1 if (z!=+)
 005C  88 87 0000 R		         mov  byte ptr[x+bx],al    ;x=x+y if (z==+)  dum_x=al if (z!=+)
				
				;----------------------------------
				; Output x
				;----------------------------------
 0060  B4 02			         mov       ah,2           ;write code
 0062  8A 16 0000 R		         mov       dl,[x]         ;write x
 0066  CD 21			         int       21h            ;write interrupt
				;----------------------------------
				; Terminate
				;----------------------------------
 0068  B8 4C00			         mov       ax,4c00h       ;get the termination code
 006B  CD 21			         int       21h            ;terminate
				                                  ;
				         end       start          ;end program
				;----------------------------------

Microsoft (R) Macro Assembler Version 6.11		    07/22/19 11:03:57
mov.asm							     Symbols 2 - 1




Segments and Groups:

                N a m e                 Size     Length   Align   Combine Class

DGROUP . . . . . . . . . . . . .	GROUP
_DATA  . . . . . . . . . . . . .	16 Bit	 008F	  Word	  Public  'DATA'	
STACK  . . . . . . . . . . . . .	16 Bit	 0100	  Para	  Stack	  'STACK'	 
FAR_DATA . . . . . . . . . . . .	16 Bit	 0100	  Para	  Private 'FAR_DATA'  
_TEXT  . . . . . . . . . . . . .	16 Bit	 006D	  Word	  Public  'CODE'	


Symbols:

                N a m e                 Type     Value    Attr

@CodeSize  . . . . . . . . . . .	Number	 0000h	 
@DataSize  . . . . . . . . . . .	Number	 0000h	 
@Interface . . . . . . . . . . .	Number	 0000h	 
@Model . . . . . . . . . . . . .	Number	 0002h	 
@code  . . . . . . . . . . . . .	Text   	 _TEXT
@data  . . . . . . . . . . . . .	Text   	 DGROUP
@fardata?  . . . . . . . . . . .	Text   	 FAR_BSS
@fardata . . . . . . . . . . . .	Text   	 FAR_DATA
@stack . . . . . . . . . . . . .	Text   	 DGROUP
cvt  . . . . . . . . . . . . . .	Byte	 0004	  _DATA	
dum_x  . . . . . . . . . . . . .	Byte	 0001	  _DATA	
inctbl . . . . . . . . . . . . .	Byte	 000E	  _DATA	
start  . . . . . . . . . . . . .	L Near	 0000	  _TEXT	
x  . . . . . . . . . . . . . . .	Byte	 0000	  _DATA	
y  . . . . . . . . . . . . . . .	Byte	 0002	  _DATA	
z  . . . . . . . . . . . . . . .	Byte	 0003	  _DATA	

	   0 Warnings
	   0 Errors
